1001.tl
1001tracklists.com
10minutemail.com
1337x.to
18comic.org
215216777.xyz
24.kg
2407.pl
2ip.io
34travel.me
3dlutcreator.com
3dlutcreator.ru
4admin.info
4freerussia.org
4pda.to
4pna.com
5.28.195.2/32
5sim.net
6pm.com
7dniv.rv.ua
7tv.app
7tv.io
8chan.moe
91mobiles.com
9tv.co.il
a-msedge.net
aalto.fi
abercrombie.com
abook-club.ru
academy.terrasoft.ua
activatica.org
acurapartswarehouse.com
adafruit.com
adam-audio.com
adaptive.ai
adapty.io
adguard.com
adidas.com
adminforge.de
admitad.com
adn.harmanpro.com
adobe.com
adobe.io
ads-twitter.com
adtidy.org
adultmult.tv
affinity.studio
affinity.studio
afp.com
aftermarket.schaeffler.com
aftermarket.zf.com
agents.media
ahrefs.com
ai-chat.bsg.brave.com
ai.com
airbnb.com
airbnb.ru
airbrake.io
aisandbox-pa.googleapis.com
aistudio.google.com
aitestkitchen.withgoogle.com
akasaair.com
alberta.ca
algolia.com
alienwarearena.com
allegro.pl
alltrails.com
alphacoders.com
altaro.com
alza.hu
amazfitwatchfaces.com
amazonaws.com
amdm.ru
amedia.site
amedia.vip
amnezia.org
amplitude.com
amx.com
analog.com
andrevi.ch
angryemailtranslator.com
anidub.com
anilib.me
anilibria.tv
anilibria.uno
animaunt.org
anime-bit.org
anime-portal.su
anime777.online
animebest.org
animedia.tv
animedub.ru
animego.org
animeonlinesu.net
animeshka.net
animespirit.ru
animestars.org
animethemes.moe
anistar.org
anistars.ru
anixart.tv
annas-archive.org
ansys.com
anthropic.com
anythingllm.com
anzu-us.com
aol.com
api-gp.com
api.fast.com
api.github.com
api.jetbrains.ai
api.service-kp.com
api.theins.info
api.themoviedb.org
api.wfmp.net
api2.support-kp.com
apiary.io
apkmirror.com
aplawrence.com
app-analytics-services.com
app.langdock.com
app.n8n.cloud
appahead.studio
appgineers.de
apple-relay.apple.com
apple-relay.cloudflare.com
apple-relay.mask.apple-dns.net
appleinsider.com
appraven.net
aqicn.org
arbat.media
archive.is
archive.org
archive.ph
archiveofourown.org
arcteryx.com
arinet.com
arm.com
as6723.net
asset.launcher.omniverse.nvidia.com
assets.heroku.com
atn.ua
att.com
attachments.f95zone.to
audioboo.org
audiobookbay.lu
augmentcode.com
auth.hpe.com
autodesk.com
av-connection.com
avast.com
avast.ru
avcdn.net
avira.com
aws.amazon.com
aws.com
aws.tcljd.com
azathabar.com
azattyq.org
azerioncircle.com
b-cdn.net
babook.org
baby-beamup.club
badoo.com
baginya.org
baikal-journal.ru
bandcamp.com
bandsintown.com
bard.google.com
bato.to
bbc.co.uk
bbc.com
bbci.co.uk
bcbits.com
beacon3d.com
beeg.com
bell-sw.com
bellingcat.com
bestbuy.com
bestchange.ru
betterttv.net
bigstockphoto.com
bihus.info
bing.com
bitcoin.org
bitdefender.com
bitmask.net
bitnami.com
bitru.org
blackfriday.com
blackseanews.net
bleepingcomputer.com
blinkshot.io
blizzardwatch.com
blncapi.com
blocklayer.com
bluehost.com
bluesky-soft.com
blur.io
bmc.com
bmc.okta.com
booktracker.org
boominfo.org
boosteroid.com
booth.pm
booth.pximg.net
bosch-home.com
bosch.com
bosch.de
boschaftermarket.com
boschautoparts.com
boschdiagnostics.com
botnadzor.org
bp.blogspot.com
bradyid.com
brawlstarsgame.com
bricklink.com
broadcom.com
broccolionline.jp
broncosportforum.com
browserleaks.com
bsh-group.com
bsme.at
bt4gprx.com
btdig.com
btod.com
buanzo.org
buf.build
builds.parsec.app
buymeacoffee.com
byteoversea.com
cambiumnetworks.com
cannaweed.com
canva-apps.com
canva.com
canva.dev
capacitorjs.com
capcut.com
carnegieendowment.org
carrefouruae.com
cartoonporn.to
cats.com
cbilling.eu
cbilling.vip
cc-api-data.adobe.io
cdn.web-platform.io
cdn77.org
cdnbunny.org
cdnfacebook.com
cdninstagram.com
cdnjs.com
cdromance.org
cdw.com
censorship.no
censortracker.org
census.gov
cesium.com
chainreactioncycles.com
chaos.com
chat.com
chat.openai.com.cdn.cloudflare.net
chatfuel.com
chatgpt.com
chaturbate.com
cherta.media
chess.com
chevrolet.com
chordu.com
chronoid.app
cici.com
cisco.com
cisecurity.org
citrix.com
clamav.net
clamav.net
clashofclans.com
clashofclans.inbox.supercell.com
clashroyaleapp.com
claude.ai
cleartrip.com
clevelandclinic.org
cleverbridge.com
clickocean.io
clickup.com
clients6.google.com
clio-assets.adobe.com
clip.opus.pro
cloud.cdnland.in
cloudex.cc
cloudflare.com
cloudflarestatus.com
cloudfront.net
cloudtorrents.com
cms-twdigitalassets.com
cnd2exp.online
cocalc.com
cock.li
codebrowser.dev
codegpt.co
codeium.com
coder.aniland.org
cohere.com
coingate.com
coinpayments.net
coinsbee.com
colamco.com
coldfilm.xyz
colta.ru
comfyui-wiki.com
community.sophos.com
composer.opera-api.com
connect.facebook.net
contabo.com
coomer.su
copernicus.eu
copilot.microsoft.com
corsair.com
coursera.org
cpu-monkey.com
credly.com
crowdstrike.com
crunchbase.com
crunchyroll.com
cryptpad.fr
csdlcdn.vaio.com
csskor.ill.in.ua
cub.red
cucumber.io
currenttime.tv
cursorinfo.co.il
cvedetails.com
cxstudio.clarabridge.net
cyberghostvpn.com
cyxymu.info
d.docs.live.net
d.lordsfilm.info
daemon-tools.cc
danbooru.donmai.us
daringfireball.net
darkproject.eu
dashboardicons.com
data-cdn.mbamupdates.com
data.mongodb-api.com
database.clamav.net
databricks.com
datacamp.com
datempire.com
dating.com
daz3d.com
decathlon.ca
decathlon.com
decrypt.day
deepl.com
deepstatemap.live
deezer.com
delfi.lt
delfi.lv
delinea.com
dell.com
dellcdn.com
delltechnologies.com
denms.ru
depositphotos.com
designer.microsoft.com
designify.com
devart.com
developer.nvidia.com
devexpress.com
deviantart.com
devops.com
dhub.dev
dice.com
diffblue.com
digash.live
digikey.com
digitalcontent.sky
digitalocean.com
dis.gd
discord-activities.com
discordactivities.com
discordapp.com
discordapp.net
discordmerch.com
discordpartygames.com
discordsays.com
discordstatus.com
discours.io
disctech.com
disneyplus.com
dnb.com
dochub.com
docs.liquibase.com
donmai.us
dorama.live
doramalive.ru
doramy.club
doubleclick.net
dovod.online
download.microsoft.com
download.screamingfrog.co.uk
download3.omnissa.com
downloads.ultraedit.com
doxa.team
dpidetector.org
dreamhost.com
ducati.com
dumskaya.net
dw.com
dyson.com
dyson.se
e-hentai.org
e621.net
eagle.cool
eaglecreek.com
easydmarc.com
easyjet.com
ebates.com
echofm.online
ecs.office.com
eddiebauer.com
edge-chat.facebook.com
edge.microsoft.com
editorx.com
edu-cisco.org
edx.org
ef.com
ef.edu
eggertspiele.de
ej.ru
ekhokavkaza.com
elastic.co
elby.ch
element14.com
elements.envato.com
elevenforum.com
elevenlabs.com
elevenlabs.io
elgato.com
elgiganten.se
eneba.com
engagor.com
entrust.com
enwild.com
epicgames.com
epidemz.net.co
eporner.com
equalitie.org
erogen.org
etsy.com
euronews.com
euroradio.fm
eutrp.eu
everand.com
exler.ru
expandrive.com
expedia.com
expres.online
expressvpn.com
extremetech.com
eztvx.to
f.vision
f1.com
f95-zone.to
f95zone.to
facebook.com
facebook.net
familysearch.org
fanatical.com
farnell.com
fast-torrent.club
fast.com
fastflux.ai
fastly.com
fastly.net
fastpic.org
fastpic.ru
fastspring.com
fat.allarknow.online
fb.com
fb.me
fbcdn.net
fbsbx.com
fburl.com
fcdynamo.com
fex.net
fextralife.com
ficbook.net
fikfap.com
filmitorrent.net
filmix.ac
filmix.biz
filmix.day
filmix.fm
filmix.la
findagrave.com
finevpn.org
firefly-ps.adobe.io
firefly.adobe.com
first-root.com
flashscore.com
flibusta.is
flibusta.net
flipboard.com
flir.com
flir.eu
flourish.studio
fls.guru
fluentmac.app
fluke.com
flukenetworks.com
flyertalk.com
fn-volga.ru
fncstatic.com
folivora.ai
fonge.org
footballapi.pulselive.com
force-user-content.com
force.com
fordpartsgiant.com
forklog.com
formula1.com
fortanga.org
fortiguard.com
fortinet.com
forum.ansible.com
forum.lightburnsoftware.com
forum.mikrotik.by
forum.netgate.com
forum.ru-board.com
forum.vinograd.info
forumtv.org
fotoforensics.com
foundrydigital.com
foxnews.com
framer.com
freebitco.in
freedomletters.org
freeimages.com
freemedia.io
freemedia.tech
freemyip.com
fujitsu.com
furaffinity.net
futurelearn.com
fxnetworks.com
g2a.com
g711.org
gagadget.com
gaggenau.com
gallery.zetalliance.org
gambody.com
game-assets.clashofclans.com
game.clashofclans.com
game.co.uk
gamedistribution.com
gameloft.com
gamesrepack.com
gamestop.com
gaming.amazon.com
gannett-cdn.com
garenanow.com
gateway.facebook.com
gateway.pinata.cloud
gcore.com
gdeposylka.ru
geekyfuroshiki.com
geforcenow.com
gelbooru.com
geller-pa.googleapis.com
genius.com
genspark.ai
gentlemencoders.com
geolocation.onetrust.com
geospy.ai
germania.one
getoutline.com
getoutline.org
getsafeonline.org
getyourmap.com
gfn.am
ghidra-sre.org
ghostrc.game.idtech.services
github.io
gitlab.com
gitlab.io
gl-inet.com
glif.app
global.fncstatic.com
global.platform.seconddinnertech.com
glpals.com
godaddy.com
gofile.io
gofundme.com
golosameriki.com
gonitro.com
goodreads.com
googleadservices.com
googletagservices.com
gov.in
gpsonextra.net
gpu-monkey.com
gql.twitch.tv
gr-assets.com
grafana.com
grammarly.com
grani.ru
graph.facebook.com
graty.me
gravatar.com
graylog.org
grazie.ai
gridinsoft.com
grok.com
groq.com
groupon.com
grouponcdn.com
gsof.org
gtagarage.com
guilded.gg
gulagu.net
gurumaps.app
gvt1.com
habr.com
habrastorage.org
hackernoon.com
hackmd.io
halooglasi.com
hashicorp.com
hashkey.com
hath.network
havaianas.com
haydaygame.com
hbomax.com
hc-ping.com
hchk.io
hd-rezka.tv
hdkinoteatr.com
hdrezka.ac
hdrezka.ag
hdrezka.me
healthline.com
hentai-foundry.com
hentaichan.live
herokucdn.com
hetzner.com
hex-rays.com
hitomi.la
hiveon.com
hola.org
hollisterco.com
holod.media
home-connect.com
home.by.me
honeywell.com
hostgator.com
hostinger.com
hostingkartinok.com
hotels.com
hqporner.com
hromadske.ua
hs.fi
htmhell.dev
humblebundle.com
hume.ai
hybrid-analysis.com
hyundainews.com
i.gr-assets.com
i.sakh.com
iaai.com
ibb.co
ibm.com
ibytedtos.com
icd10data.com
idelreal.org
idrive.com
iedb.org
ifconfig.me
ig.me
igcdn.com
ign.com
iherb.com
iichan.hk
ikea-usa.com
ikea.com
ikea.us
ikissvk.com
illuminate.google.com
ilook.tv
image.tmdb.org
imagecache365.com
imagedelivery.net
imazing.com
imgpng.ru
imgur.com
immich.app
important-stories.com
imx.to
indeed.com
indiehackers.com
inference.cerebras.ai
infineon.com
infinitenovel.eu
informit.com
infoseek.co.jp
insanelymac.com
insearch.site
insideevs.com
instagram.com
install.launcher.omniverse.nvidia.com
intel.com
intel.de
intel.nl
intelix.sophos.com
intellij.net
intellipaat.com
intelx.io
interactivebrokers.co.uk
intercomcdn.com
interfax.com.ua
internalfb.com
intuit.com
intuitibits.com
ionicframework.com
ionos.com
ip.me
ipburger.com
ipdata.co
iperf3serverlist.net
ipinfo.io
iptv.online
iptvin.ru
is.fi
island-of-pleasure.site
issuu.com
istories.media
it-actual.ru
it-tehnik.ru
itninja.com
itsmycity.ru
jabra.com
jamf.com
jbl.com
jetbrains.com
jetbrains.space
jetstar.com
jnn-pa.googleapis.com
joesandbox.com
joyreactor.cc
jskor.ill.in.ua
jules.google.com
junodownload.com
jut-su.net
jut.su
jutsu.ru
jw-russia.org
jw.org
kahoot.com
kahoot.it
kaktus.media
kaleido.ai
kamatera.com
kara.su
kasparov.ru
kasta.ru
kastingi.com
kat.am
katfile.com
kavkaz-uzel.eu
kavkazr.com
keepgrowing.in
keepsolid.com
kemono.su
keysight.com
kino-ussr.ru
kino.pub
kinobase.org
kinogo.ec
kinogo.la
kinogo.uk
kinokopilka.pro
kinokrad.pics
kinopub.me
kinovod.net
kinozal.guru
kinozal.me
kinozal.tv
kinozaltv.life
kismia.com
kiwi.com
klaviyo.com
klook.com
kmail-lists.com
knews.kg
knowyourmeme.com
kolsar.org
koofr.eu
koofr.net
kor.ill.in.ua
korrespondent.net
kovcheg.live
kowalski7cc.xyz
kpapp.link
kroger.com
krymr.com
ksd-images.lt
kupujemprodajem.com
kym-cdn.com
l.facebook.com
labs.google
lakelandford.com
lambdalabs.com
lamcdn.net
lampa.mx
landingpad.me
langdock.com
lchamp.com
ldoceonline.com
le-production.tv
leafletjs.com
leakpeek.com
learning.google.com
lego.com
leica-geosystems.com
lencr.org
lenovo.com
lenso.ai
lenstip.com
letsvpn.world
letyshops.com
lib.rus.ec
libgen.bz
libgen.gs
libgen.is
libgen.li
libgen.rs
libgen.st
libgen.vg
licdn.com
lidarr.audio
lifehacker.com
liga.net
lighterpack.com
lightning.ai
limetorrents.lol
linear.app
linkedin.com
linktr.ee
linuxiac.com
lipstickalley.com
liquibase.com
liquidsky.com
lis-skins.com
list-manage.com
litpoint.org
live.chat.eveonline.com
livejournal.com
livetv.sx
liveuamap.com
liveupdate.symantec.com
liveupdate.symantecliveupdate.com
llama3-1.llamameta.net
llimonix.dev
lnkd.in
localbitcoins.com
locals.md
localsend.org
login.amd.com
logo.com
lolz.guru
lookerstudio.google.com
lostfilm.tv
lostfilmtv2.site
lowes.com
lseg.com
lu.ma
lu4.org
lucid.app
lucid.co
m3u.ch
m3u.in
m3u.work
macfilos.com
macpaw.com
macspencer.app
macstories.net
macvendors.com
magazinelib.com
mail-api.proton.me
mailchi.mp
mailerlite.com
mailfence.com
mailinator.com
mailo.com
makemytrip.com
makemytrip.global
malwarebytes.com
mangadex.org
mangahub.ru
mangamammy.ru
mangapark.net
manus.im
markandgraham.com
marketplace.atlassian.com
marvelsnap.com
mashable.com
matadorequipment.com
matrix-client.matrix.org
mattermost.com
max.com
maximintegrated.com
maxmind.com
mbed.com
mbk-news.appspot.com
mchost.guru
mediazona.ca
medicalnewstoday.com
medium.com
meduza.io
meest-shop.com
mega.io
mega.nz
megapeer.ru
megapeer.vip
megogo.net
melonbooks.co.jp
melord.net
menti.com
meraki.com
merezha.co
messenger.com
meta.ai
meta.com
metabrainz.org
metacritic.com
metademolab.com
metahub.space
metal-archives.com
metla.press
metopera.org
michaelkors.global
microchip.com
microfocus.com
microsoft.com
middlewareinventory.com
midjourney.com
mignews.com
militarnyi.com
mimestream.com
miracleptr.wordpress.com
mixcloud.com
modoki.app
moneypuck.com
mongodb.com
monohex.com
monoprice.com
monotype.com
monotypefonts.com
monster.ie
more.fm
moscowtimes.ru
motherless.com
mouser.fi
mssg.me
mullvad.net
multporn.net
multru.com
muscdn.com
musical.ly
musicbrainz.org
musixmatch.com
mw2.wiki
mydoramy.club
myheritage.com
myjetbrains.com
myprepaidcenter.com
myqrcode.com
myrotvorets.center
navalny.com
nba.com
neff-home.com
neformat.com.ua
neo4j.com
nesinc.com
netapp.com
netflix.ca
netflix.com
netflix.net
netflixinvestor.com
netflixtechblog.com
netlify.com
netpeaksoftware.com
networksolutions.com
newark.com
news.google.com
newsroom.porsche.com
newsru.co.il
newsru.com
newstudio.tv
newtimes.ru
nexar.com
nfl.com
nflxext.com
nflximg.com
nflximg.net
nflxsearch.net
nflxso.net
nflxvideo.net
ngrok.com
nhentai.com
nhentai.net
nhl.com
nih.gov
nike.com
nippon.com
niteize.com
nitroflare.com
nitropdf.com
nnmclub.to
nnmstatic.win
nordaccount.com
nordcdn.com
nordicsemi.com
nordlayer.com
nordpass.com
nordprotect.com
nordstellar.com
nordvpn.com
norton.com
notepad-plus-plus.org
notion-static.com
notion.com
notion.new
notion.site
notion.so
notionusercontent.com
novaline.fm
novaya.no
novayagazeta.eu
novayagazeta.ru
novy.tv
nsfwalbum.com
ntc.party
ntp.msn.com
nxp.com
nyaa.si
o50.jp
oaistatic.com
oaiusercontent.com
obozrevatel.com
ocstore.com
octopart-clicks.com
octopart.com
octostatic.com
oculus.com
oculuscdn.com
ohmyswift.ru
oi.legal
okta.com
okx.com
olx.ua
omnissa.com
omv-extras.org
on24.com
one.one.one.one
onetapapp.co
onetrust.com
onfastspring.com
onionmail.org
onlineradiobox.com
onlinesim.io
onrender.com
onshape.com
openai.com
openculture.com
openmedia.io
opensanctions.org
opensea.io
opentext.com
opentrackr.org
openweathermap.org
opposition-news.com
opus.pro
oracle.com
oraclecloud.com
orbit-games.com
origin-tracker.githubusercontent.com
ott-play.com
ottbill.cc
ottg.app
outflank.nl
ovd.info
ovd.legal
ovd.news
ovdinfo.org
owlto.finance
ozodi.org
paddle.com
padi.com
pages.dev
pandasecurity.com
pap.pl
paperpaper.io
paperpaper.ru
papervpn.io
parachuteapps.com
parall.app
parallels.com
paraswap.io
parsec.app
parts-express.com
patagonia.com
path3.xtracloud.net
patreon.com
patriot.dp.ua
pay.freekassa.ru
paypal.com
paytr.com
pb.wtf
pbteen.com
pcgamesn.com
pcmag.com
pdq.com
peaceplea.org
peakdesign.com
pearsonvue.com
penguin.com
penguinrandomhouse.com
pephop.ai
pepperl-fuchs.com
perforce.com
periscope.tv
perito.media
perlego.com
peter-tanner.com
pexels.com
philscomputerlab.com
phishtank.com
phncdn.com
phncdn.com.sds.rncdn7.com
phoenixcontact.com
photonengine.com
php.su
picoxr.com
pimpletv.ru
pingdom.com
piratbit.top
piratenation.game
pitch.com
pixabay.com
pixiv.net
pkgs.tailscale.com
platform.activestate.com
plati.io
play-fe.googleapis.com
play.google.com
play.googleapis.com
playboy.com
plesk.com
plugin-alliance.com
plugshare.com
plumbr.io
pluralsight.com
pny.com
podbean.com
polit.ru
politico.eu
politiken.dk
polymarket.com
popclip.app
pornhub.com
pornhub.org
porno666.link
pornolab.net
porntube.com
portal.lviv.ua
posle.media
postfix.org
posthog.com
postimees.ee
pravda.com
pravda.com.ua
premierleague.com
primevideo.com
principalrelocation.com
privatekeys.pw
prnt.sc
procamera-app.com
prod.smassets.net
proekt.media
promods.net
prosleduetmedia.com
prostovpn.org
proton.me
protonmail.ch
protonmail.com
protonvpn.com
provereno.media
proverkassl.com
prowlarr.com
proxyscrape.com
pscp.tv
psiphon.ca
ptc.com
public.parsec.app
pump.fun
qaweb.dev
qcad.org
qobuz.com
qt.io
qualcomm.com
quickconnect.to
quicknode.com
quietpc.com
quora.com
quora.com.cdn.cloudflare.net
qwant.com
r10.to
r10s.com
r10s.jp
r4.err.ee
racevpn.com
radarr.video
radiojar.com
radiosakharov.org
radiosvoboda.org
rakuten-static.com
rakuten.ca
rakuten.co.jp
rakuten.com
rakuten.com.tw
rakuten.ne.jp
rakuten.tw
rapidgator.net
ratatype.com
raycast-releases.com
raycast.com
razer.com
rbc.ua
rcac.purdue.edu
reactflow.dev
readdle.com
readest.com
readybot.io
readymag.com
readymag.website
realguide.com
realist.online
reallyniceimages.com
rebates.jp
recraft.ai
rectangleapp.com
reddxxx.com
redgifs.com
redis.com
redis.io
redislabs.com
redshieldvpn.com
redtube.com
refactoring.guru
refinitiv.com
rei.com
reka.ai
releases.hashicorp.com
remna.st
remove.bg
render-state.to
rentry.co
rentry.org
repo.bacch.com
republic.ru
research.net
resp.app
retouch4.me
returnyoutubedislikeapi.com
reve.art
reverb.com
rezka-ua.in
rezka.ag
rezka.biz
rezka.my
rezkify.com
rezonans.media
rf.dobrochan.net
rferl.org
ringostat.com
riotpixels.com
riperam.org
riseup.net
roar-review.com
roborock.com
rockblack.su
romantelychko.com
root-nation.com
roskomsvoboda.org
rottentomatoes.com
rss-bridge.org
rublacklist.net
ruckuswireless.com
rule34.art
rule34.xxx
rumble.com
rus.delfi.ee
rus.jauns.lv
rustorka.com
rusvideos.net
rutor.info
rutor.is
rutor.org
rutracker.cc
rutracker.net
rutracker.org
rutracker.wiki
sakhalin.info
sakharovfoundation.org
salesforce-experience.com
salesforce-hub.com
salesforce-scrt.com
salesforce-setup.com
salesforce-sites.com
salesforce.com
salesforceiq.com
salesforceliveagent.com
samsclub.com
sankakucomplex.com
sap.com
satsat.info
saveeditonline.com
saverudata.net
sbom.sh
sc-cdn.net
scam-detector.com
schenker-tech.de
sci-hub.se
sci-hub.st
scribd.com
sdxcentral.com
searchfloor.org
seasonvar.ru
securitytrails.com
seedoff.zannn.top
seekvectorlogo.net
segger.com
selezen.org
semnasem.org
semrush.com
sentry.io
senukai.lt
sephora.com
serato.com
serialcart.com
serif.com
serpstat.com
servarr.com
serverkast.com
setapp.com
severreal.org
sfdcopens.com
shadowmere.xyz
shein.com
shikimori.me
shiksha.com
shiksha.ws
shinyhardware.co.uk
shiza-project.com
shop.gameloft.com
shop.paragon-software.com
showip.net
showtime.co.jp
sibreal.org
siemens.com
signal.org
simplex.chat
simplex.im
simplix.info
singlekey-id.com
site.com
sites.fastspring.com
skat.media
sketchup.com
skiff.com
skladchik.com
skladchina.biz
sklatchiki.ru
sky.com
skycdp.com
skylum.com
skyshowtime.com
slashlib.me
slavicsac.com
slideshare.net
slifki.biz
sm1ky.com
smartbear.co
smartbear.com
smartdeploy.com
smashwords.com
sms-activate.io
snap-dev.net
snap.com
snapads.com
snapchat.com
snapeda.com
snapkit.co
snapmagic.com
sndcdn.com
snort.org
snyk.io
soapui.org
sobesednik.com
softpedia.com
solarwinds.com
sophos.com
sora.com
soundcloud.com
soundtoys.com
sovetromantica.com
spacelift.io
speedtest.net
spektr.press
spiceworks.com
spirit-of-metal.com
spitfireaudio.com
splunk.com
splunkcloud.com
spokenly.app
spotidownloader.com
spreadthesign.com
sputnikipogrom.com
sqlshack.com
squadbustersgame.com
squareup.com
squietpc.com
st.com
stacksocial.com
stagescycling.com
stake.com
stalker2.com
startpage.com
static.lostfilm.top
static.playoverwatch.com
static.retouch4.me
statology.org
steamidfinder.com
steamstat.info
steganos.com
stereophile.com
stockx.com
strana.news
strana.today
strava.com
stream.voidboost.cc
streamable.com
strem.io
stremio.com
stripe.com
studychat.app
stuff.co.nz
stulchik.net
suggestqueries.google.com
summer.fi
summerana.com
supasidebar.com
supercell.com
supersliv.biz
support.xerox.com
surfshark.com
surveymonkey.com
suspilne.media
svidomi.in.ua
svoboda.org
svoi.kr.ua
svtv.org
swagger.io
swissinfo.ch
syncfusion.com
synoforum.com
sysdig.com
systemtek.co.uk
t-invariant.org
t.co
t3.chat
tableau.com
tableausoftware.com
tableauusercontent.com
taboola.com
tailscale.com
talktext.io
talosintelligence.com
taplink.cc
target.com
tayga.info
te-st.org
te.com
teads.tv
teamviewer.com
techbargains.com
techthoughts.info
telegraf.by
telegraf.news
telegraph.co.uk
telemetr.io
tellapart.com
templatemonster.com
tempmail.plus
temu.com
tenable.com
terraform.io
teslasoft.org
tf1.fr
tf1info.fr
the-village.ru
theaudiodb.com
thebarentsobserver.com
thebell.io
theboring.name
theins.press
theins.ru
themoviedb.org
thenorthface.com
thepiratebay.org
theporndude.com
thesassway.com
thetruestory.news
thetvapp.to
thetvdb.com
thinkpads.com
thomas-krenn.com
threads.net
threema.ch
thule.com
ti.com
tidal.com
tik-tokapi.com
tiktok.com
tiktokcdn-eu.com
tiktokcdn-us.com
tiktokcdn.com
tiktokd.net
tiktokd.org
tiktokv.com
tiktokv.us
tiktokw.us
tile.com
timberland.de
time.com
tiptop-vpn.com
tmdb-image-prod.b-cdn.net
tmdb.com
tmdb.org
tommy.com
tonymacx86.com
toolbox.app
tools.keycdn.com
tools.tracemyip.org
tor.eff.org
torproject.org
torrent.by
torrenteditor.com
torrentgalaxy.to
trae.ai
tragtorr.info
trahkino.me
trailblazer.me
trailhead.com
trakt.tv
trellix.com
tria.ge
triongames.com
trionworlds.com
tripit.com
tripmode.ch
trueblackmetalradio.com
trusteeglobal.com
truthsocial.com
tsmc.com
ttwstatic.com
tumblr.com
tuneful.dev
turbobit.net
tuta.com
tuta.io
tutanota.com
tvfreedom.io
tvn24.pl
tvrain.ru
tvrain.tv
tweetdeck.com
twimg.com
twirpx.com
twitpic.com
twitter.biz
twitter.co
twitter.com
twitter.jp
twittercommunity.com
twitterflightschool.com
twitterinc.com
twitteroauth.com
twitterstat.us
twitthat.com
twtkr.com
twtrdns.net
twttr.com
twttr.net
twvid.com
typing.com
typora.io
ua
uaudio.com
ubi.com
ubisoft.com
ubnt.com
ubunlog.com
udemy.com
ufile.io
ui.com
ui.ill.in.ua
ukr-produkt.com
ukr.net
ukr.radio
ukrtelcdn.net
ultimaker.com
undress.cc
unfiltered.adguard-dns.com
unian.ua
uniqlo.com
unix.com
unscreen.com
unsplash.com
uptimerobot.com
upwork.com
usa.one
usatoday.com
user.auth.xboxlive.com
usher.ttvnw.net
vagrantcloud.com
valhalla-age.org
valhalla-essence.org
vas3k.blog
vas3k.cloud
vas3k.club
vas3k.com
vcdn.biz
vectorworks.net
veeam.com
vehiclelifetimesolutions.schaeffler.com
veritas.com
verstka.media
vesma.one
vesma.today
vesty.co.il
viber.co.jp
viber.com
viber.me
vice.com
vimeo.com
vimeocdn.com
vine.co
vipdrive.net
vipergirls.to
visualcapitalist.com
vlady.pro
vmware.com
vndb.org
voanews.com
voidboost.cc
voiso.com
volkswagen-classic-parts.com
vot-tak.tv
voynaplemyon.com
vpn.works
vpngate.net
vpngen.org
vpnguild.org
vpnlove.me
vpnpay.io
vpnunlimited.com
vps.today
vrv.co
vscode-auth.github.com
vyos.io
w.atwiki.jp
walmart.com
watchguard.com
watermarkremover.io
wbagora.com
wbgames.com
wbinsights.com
we.tl
weather.com
web.tecalliance.net
webdock.io
webex.com
webnames.ca
webscraper.io
webservice.fanart.tv
webservice.tecalliance.services
webtoons.com
weebly.com
wellfound.com
welt.de
wetransfer.com
wfmp.net
wialon.com
widgetapp.stream
wifimap.io
wiki.fextralife.com
wikidot.com
williams-sonoma.com
wilsoncenter.org
windguru.cz
windows10spotlight.com
windscribe.com
windsurf.com
wise.com
wix.com
wixmp.com
wk.cz
wonderclub.com
wonderzine.com
wpengine.com
wunderground.com
www3.corsair.com
x-minus.pro
x.ai
x.com
xboxdesignlab.xbox.com
xerox.co.uk
xerox.com
xfantazy.com
xhamster.com
xhamsterlive.com
xhcdn.com
xmg.gg
xnxx-cdn.com
xnxx.com
xnxx.net
xnxx.tv
xnxx3.com
xrite.com
xsts.auth.xboxlive.com
xtracloud.net
xv-ru.com
xvideos-cdn.com
xvideos.com
yahoo.com
yande.re
yandexwebcache.org
yeggi.com
yithemes.com
yle.fi
yourdictionary.com
youtrack.cloud
yt3.ggpht.com
yt3.googleusercontent.com
yts.mx
yummyani.me
yummyanime.tv
z-lib.io
zahav.ru
zapier.com
zbigz.com
zedge.net
zelenka.guru
zello.com
zellowork.com
zendesk.com
zerkalo.io
zerkalo.xyz
zerolab.net
zerossl.com
zet-flix.online
znanija.com
zoho.com
zombie-film.live
zona.media
zoosk.com
