1001.tl
1001tracklists.com
10minutemail.com
1337x.to
18comic.org
2407.pl
2ip.io
3dlutcreator.com
3dlutcreator.ru
4admin.info
4pda.to
4pna.com
5sim.net
6pm.com
7tv.app
8chan.moe
91mobiles.com
a-msedge.net
aalto.fi
abercrombie.com
abook-club.ru
acurapartswarehouse.com
adafruit.com
adam-audio.com
adaptive.ai
adguard.com
adidas.com
admitad.com
adn.harmanpro.com
adobe.com
adobe.io
ads-twitter.com
adtidy.org
afp.com
aftermarket.schaeffler.com
aftermarket.zf.com
ahrefs.com
ai-chat.bsg.brave.com
ai.google.dev
airbnb.com
airbnb.ru
airbrake.io
aisandbox-pa.googleapis.com
aistudio.google.com
aitestkitchen.withgoogle.com
alberta.ca
algolia.com
alienwarearena.com
allegro.pl
alltrails.com
alphacoders.com
altaro.com
alza.hu
amazfitwatchfaces.com
amazonaws.com
amdm.ru
amedia.site
amedia.vip
amnezia.org
amplitude.com
amx.com
analog.com
andrevi.ch
angryemailtranslator.com
anidub.com
anilib.me
animaunt.org
anime-bit.org
anime-portal.su
anime777.online
animebest.org
animedub.ru
animeonlinesu.net
animeshka.net
animespirit.ru
animestars.org
animethemes.moe
anistars.ru
anixart.tv
ansys.com
anthropic.com
anythingllm.com
anzu-us.com
aol.com
api.fast.com
api.github.com
api.service-kp.com
api.themoviedb.org
api2.support-kp.com
apiary.io
apkmirror.com
aplawrence.com
app-analytics-services.com
app.langdock.com
app.n8n.cloud
appgineers.de
apple-relay.apple.com
apple-relay.cloudflare.com
apple-relay.mask.apple-dns.net
appraven.net
aqicn.org
archive.is
archive.org
archive.ph
archiveofourown.org
arinet.com
arm.com
as6723.net
asset.launcher.omniverse.nvidia.com
att.com
audioboo.org
audiobookbay.lu
augmentcode.com
auth.hpe.com
autodesk.com
av-connection.com
avast.com
avast.ru
avcdn.net
avira.com
aws.amazon.com
aws.com
aws.tcljd.com
azerioncircle.com
b-cdn.net
babook.org
badoo.com
baginya.org
bandcamp.com
bard.google.com
bato.to
bcbits.com
beacon3d.com
beeg.com
bell-sw.com
bestbuy.com
betterttv.net
bigstockphoto.com
bing.com
bitcoin.org
bitdefender.com
bitmask.net
bitnami.com
bitru.org
blackfriday.com
bleepingcomputer.com
blinkshot.io
blizzardwatch.com
blncapi.com
blocklayer.com
bluehost.com
bluesky-soft.com
blur.io
bmc.com
bmc.okta.com
booktracker.org
boominfo.org
boosteroid.com
booth.pm
booth.pximg.net
bosch-home.com
bosch.com
bosch.de
boschaftermarket.com
boschautoparts.com
boschdiagnostics.com
botnadzor.org
bp.blogspot.com
bradyid.com
brawlstarsgame.com
bricklink.com
broadcom.com
broccolionline.jp
broncosportforum.com
browserleaks.com
bsh-group.com
bsme.at
bt4gprx.com
btdig.com
btod.com
buanzo.org
buf.build
buymeacoffee.com
cambiumnetworks.com
cannaweed.com
canva-apps.com
canva.com
canva.dev
capacitorjs.com
capcut.com
cartoonporn.to
cats.com
cc-api-data.adobe.io
cdn77.org
cdnbunny.org
cdnfacebook.com
cdninstagram.com
cdnjs.com
cdromance.org
cdw.com
censorship.no
censortracker.org
census.gov
cesium.com
chainreactioncycles.com
chaos.com
chatfuel.com
chatgpt.com
chaturbate.com
chess.com
chevrolet.com
chordu.com
cici.com
cisco.com
cisecurity.org
citrix.com
clamav.net
clashofclans.com
clashofclans.inbox.supercell.com
clashroyaleapp.com
claude.ai
clevelandclinic.org
cleverbridge.com
clickocean.io
clickup.com
clients6.google.com
clio-assets.adobe.com
cloud.cdnland.in
cloudex.cc
cloudflare.com
cloudflarestatus.com
cloudfront.net
cloudtorrents.com
cnd2exp.online
cocalc.com
cock.li
codebrowser.dev
codegpt.co
codeium.com
coder.aniland.org
cohere.com
coingate.com
coinpayments.net
coinsbee.com
colamco.com
coldfilm.xyz
comfyui-wiki.com
composer.opera-api.com
connect.facebook.net
contabo.com
coomer.su
copernicus.eu
copilot.microsoft.com
corsair.com
coursera.org
cpu-monkey.com
credly.com
crowdstrike.com
crunchbase.com
crunchyroll.com
cryptpad.fr
csdlcdn.vaio.com
cub.red
cucumber.io
cvedetails.com
cxstudio.clarabridge.net
cyberghostvpn.com
d.docs.live.net
d.lordsfilm.info
daemon-tools.cc
darkproject.eu
data-cdn.mbamupdates.com
data.mongodb-api.com
databricks.com
datacamp.com
datempire.com
dating.com
daz3d.com
decathlon.com
decrypt.day
deepl.com
deepmind.com
deepmind.google
deezer.com
delinea.com
dell.com
dellcdn.com
delltechnologies.com
denms.ru
depositphotos.com
designer.microsoft.com
designify.com
devart.com
developer.nvidia.com
devexpress.com
deviantart.com
devops.com
dhub.dev
dice.com
diffblue.com
digikey.com
digitalcontent.sky
digitalocean.com
dis.gd
discord-activities.com
discordactivities.com
discordapp.com
discordapp.net
discordmerch.com
discordpartygames.com
discordsays.com
discordstatus.com
disctech.com
disneyplus.com
dnb.com
dochub.com
donmai.us
dorama.live
doramalive.ru
doramy.club
doubleclick.net
download.microsoft.com
download.screamingfrog.co.uk
downloads.ultraedit.com
dpidetector.org
dreamhost.com
ducati.com
dumskaya.net
dyson.com
dyson.se
e-hentai.org
e621.net
eaglecreek.com
easydmarc.com
easyjet.com
ebates.com
ecs.office.com
eddiebauer.com
edge-chat.facebook.com
edge.microsoft.com
editorx.com
edu-cisco.org
edx.org
ef.com
ef.edu
eggertspiele.de
elastic.co
elby.ch
element14.com
elements.envato.com
elevenforum.com
elevenlabs.com
elevenlabs.io
elgato.com
elgiganten.se
eneba.com
engagor.com
entrust.com
enwild.com
epicgames.com
eporner.com
equalitie.org
erogen.org
etsy.com
everand.com
expandrive.com
expedia.com
expressvpn.com
extremetech.com
eztvx.to
f.vision
f1.com
f95-zone.to
f95zone.to
facebook.com
familysearch.org
fanatical.com
farnell.com
fast-torrent.club
fastflux.ai
fastly.com
fastly.net
fastpic.org
fastpic.ru
fastspring.com
fat.allarknow.online
fb.com
fb.me
fbcdn.net
fbsbx.com
fburl.com
fcdynamo.com
fex.net
fextralife.com
fikfap.com
filmitorrent.net
findagrave.com
finevpn.org
firefly-ps.adobe.io
firefly.adobe.com
first-root.com
flashscore.com
flir.com
flir.eu
flourish.studio
fluke.com
flukenetworks.com
flyertalk.com
fncstatic.com
footballapi.pulselive.com
force-user-content.com
force.com
fordpartsgiant.com
formula1.com
fortiguard.com
fortinet.com
forum.ansible.com
forum.lightburnsoftware.com
forum.mikrotik.by
forum.netgate.com
forum.vinograd.info
forumtv.org
fotoforensics.com
foundrydigital.com
foxnews.com
framer.com
freebitco.in
freedomletters.org
freeimages.com
freemedia.tech
freemyip.com
fujitsu.com
furaffinity.net
futurelearn.com
fxnetworks.com
g2a.com
g711.org
gaggenau.com
gallery.zetalliance.org
gambody.com
game-assets.clashofclans.com
game.clashofclans.com
game.co.uk
gamedistribution.com
gameloft.com
gamestop.com
gaming.amazon.com
gannett-cdn.com
garenanow.com
gateway.facebook.com
gateway.pinata.cloud
gcore.com
gdeposylka.ru
geekyfuroshiki.com
geforcenow.com
gelbooru.com
geller-pa.googleapis.com
generativelanguage.googleapis.com
genius.com
genspark.ai
geolocation.onetrust.com
geospy.ai
getoutline.com
getoutline.org
getsafeonline.org
gfn.am
ghidra-sre.org
ghostrc.game.idtech.services
github.io
gitlab.com
gitlab.io
gl-inet.com
glif.app
global.platform.seconddinnertech.com
glpals.com
godaddy.com
gofile.io
gofundme.com
gonitro.com
goodreads.com
googleadservices.com
googletagservices.com
gpu-monkey.com
gql.twitch.tv
grafana.com
grammarly.com
graph.facebook.com
gravatar.com
graylog.org
grazie.ai
gridinsoft.com
grok.com
groq.com
groupon.com
grouponcdn.com
gsof.org
gtagarage.com
guilded.gg
gurumaps.app
gvt1.com
habr.com
habrastorage.org
hackernoon.com
hackmd.io
halooglasi.com
hashkey.com
hath.network
havaianas.com
haydaygame.com
hbomax.com
hc-ping.com
hchk.io
hd-rezka.tv
hdkinoteatr.com
healthline.com
hentai-foundry.com
hentaichan.live
hetzner.com
hex-rays.com
hitomi.la
hiveon.com
hola.org
hollisterco.com
home.by.me
honeywell.com
hostgator.com
hostinger.com
hostingkartinok.com
hotels.com
hqporner.com
htmhell.dev
humblebundle.com
hume.ai
hybrid-analysis.com
hyundainews.com
i.gr-assets.com
iaai.com
ibb.co
ibm.com
icd10data.com
idrive.com
iedb.org
ifconfig.me
ig.me
igcdn.com
iherb.com
iichan.hk
ikea-usa.com
ikea.com
ikea.us
illuminate.google.com
ilook.tv
image.tmdb.org
imagecache365.com
imagedelivery.net
imazing.com
imgpng.ru
imgur.com
imx.to
indeed.com
indiehackers.com
inference.cerebras.ai
infineon.com
infinitenovel.eu
informit.com
infoseek.co.jp
insanelymac.com
insideevs.com
instagram.com
install.launcher.omniverse.nvidia.com
intellij.net
intellipaat.com
intelx.io
intercomcdn.com
internalfb.com
intuit.com
intuitibits.com
ionicframework.com
ionos.com
ip.me
ipburger.com
ipdata.co
iperf3serverlist.net
ipinfo.io
iptv.online
iptvin.ru
island-of-pleasure.site
issuu.com
istories.media
it-actual.ru
it-tehnik.ru
itninja.com
jabra.com
jamf.com
jbl.com
jetbrains.com
jetstar.com
joesandbox.com
joyreactor.cc
jules.google.com
junodownload.com
jut-su.net
jut.su
jutsu.ru
jw-russia.org
jw.org
kahoot.com
kahoot.it
kaleido.ai
kamatera.com
kara.su
kasta.ru
kastingi.com
kat.am
katfile.com
keepgrowing.in
keepsolid.com
kemono.su
keysight.com
kino-ussr.ru
kino.pub
kinobase.org
kinokopilka.pro
kinokrad.pics
kinopub.me
kinovod.net
kinozal.tv
kinozaltv.life
kismia.com
klaviyo.com
kmail-lists.com
knowyourmeme.com
koofr.eu
koofr.net
kowalski7cc.xyz
kpapp.link
kroger.com
ksd-images.lt
kym-cdn.com
l.facebook.com
labs.google
lakelandford.com
lampa.mx
landingpad.me
lchamp.com
ldoceonline.com
le-production.tv
leafletjs.com
leakpeek.com
learning.google.com
lego.com
leica-geosystems.com
lenovo.com
lenso.ai
letsvpn.world
letyshops.com
lib.rus.ec
libgen.bz
libgen.gs
libgen.is
libgen.li
libgen.rs
libgen.st
libgen.vg
licdn.com
lidarr.audio
lifehacker.com
liga.net
lightning.ai
limetorrents.lol
linear.app
linkedin.com
linktr.ee
linuxiac.com
lipstickalley.com
liquibase.com
liquidsky.com
lis-skins.com
list-manage.com
litpoint.org
live.chat.eveonline.com
livejournal.com
livetv.sx
liveupdate.symantec.com
liveupdate.symantecliveupdate.com
llama3-1.llamameta.net
lnkd.in
localbitcoins.com
localsend.org
login.amd.com
logo.com
lookerstudio.google.com
lowes.com
lseg.com
lu.ma
lu4.org
lucid.app
lucid.co
m3u.ch
m3u.in
m3u.work
macfilos.com
macpaw.com
macvendors.com
mailchi.mp
mailerlite.com
mailfence.com
mailinator.com
mailo.com
makersuite.google.com
malwarebytes.com
mangadex.org
mangahub.ru
mangamammy.ru
mangapark.net
manus.im
markandgraham.com
marketplace.atlassian.com
marvelsnap.com
mashable.com
matadorequipment.com
matrix-client.matrix.org
mattermost.com
max.com
maximintegrated.com
maxmind.com
mbed.com
mchost.guru
medicalnewstoday.com
medium.com
meest-shop.com
megogo.net
melonbooks.co.jp
melord.net
menti.com
meraki.com
messenger.com
meta.ai
meta.com
metabrainz.org
metacritic.com
metademolab.com
metal-archives.com
metopera.org
michaelkors.global
microchip.com
microfocus.com
microsoft.com
middlewareinventory.com
midjourney.com
militarnyi.com
miracleptr.wordpress.com
mixcloud.com
moneypuck.com
monoprice.com
monotype.com
monotypefonts.com
monster.ie
moscowtimes.ru
motherless.com
mssg.me
mullvad.net
multporn.net
multru.com
musicbrainz.org
musixmatch.com
mw2.wiki
mydoramy.club
myheritage.com
myprepaidcenter.com
myqrcode.com
myrotvorets.center
nba.com
neff-home.com
neo4j.com
nesinc.com
netapp.com
netflix.com
netpeaksoftware.com
networksolutions.com
newark.com
newstudio.tv
nexar.com
nfl.com
nflxvideo.net
ngrok.com
nippon.com
niteize.com
nitroflare.com
nitropdf.com
nnmclub.to
nordaccount.com
nordcdn.com
nordicsemi.com
nordlayer.com
nordpass.com
nordprotect.com
nordstellar.com
nordvpn.com
norton.com
notepad-plus-plus.org
notion.so
notionusercontent.com
novaline.fm
novy.tv
nsfwalbum.com
ntc.party
nxp.com
nyaa.si
o50.jp
oaistatic.com
oaiusercontent.com
obozrevatel.com
octopart-clicks.com
octopart.com
octostatic.com
oculus.com
oculuscdn.com
okta.com
omnissa.com
omv-extras.org
on24.com
one.one.one.one
onetrust.com
onfastspring.com
onionmail.org
onlineradiobox.com
onrender.com
onshape.com
openai.com
openculture.com
opensanctions.org
opensea.io
opentext.com
opentrackr.org
openweathermap.org
opus.pro
oracle.com
oraclecloud.com
orbit-games.com
origin-tracker.githubusercontent.com
ott-play.com
ottbill.cc
ottg.app
outflank.nl
owlto.finance
paddle.com
padi.com
pages.dev
pandasecurity.com
paperpaper
paperpaper.ru
papervpn.io
parallels.com
paraswap.io
parsec.app
parts-express.com
path3.xtracloud.net
patreon.com
pay.freekassa.ru
paypal.com
paytr.com
pb.wtf
pbteen.com
pcgamesn.com
pcmag.com
pdq.com
peaceplea.org
pearsonvue.com
penguin.com
penguinrandomhouse.com
pephop.ai
pepperl-fuchs.com
perforce.com
perito.media
perlego.com
peter-tanner.com
pexels.com
philscomputerlab.com
phishtank.com
phncdn.com
phoenixcontact.com
photonengine.com
php.su
picoxr.com
pimpletv.ru
pingdom.com
piratenation.game
pitch.com
pixabay.com
pixiv.net
platform.activestate.com
plati.io
play-fe.googleapis.com
play.google.com
play.googleapis.com
playboy.com
plesk.com
plugin-alliance.com
plugshare.com
plumbr.io
pluralsight.com
pny.com
politico.eu
polymarket.com
pornhub.com
porno666.link
pornolab.net
postfix.org
posthog.com
pravda.com
premierleague.com
primevideo.com
principalrelocation.com
privatekeys.pw
prnt.sc
proactivebackend-pa.googleapis.com
prod.smassets.net
promods.net
prostovpn.org
proton.me
protonmail.ch
protonmail.com
protonvpn.com
proverkassl.com
prowlarr.com
proxyscrape.com
psiphon.ca
ptc.com
pump.fun
qaweb.dev
qcad.org
qobuz.com
qt.io
qualcomm.com
quicknode.com
quietpc.com
quora.com
qwant.com
r10.to
r10s.com
r10s.jp
racevpn.com
radarr.video
radiojar.com
rakuten-static.com
rakuten.ca
rakuten.co.jp
rakuten.com
rakuten.com.tw
rakuten.ne.jp
rakuten.tw
rapidgator.net
ratatype.com
raycast-releases.com
raycast.com
razer.com
rcac.purdue.edu
readdle.com
readybot.io
readymag.com
readymag.website
realguide.com
rebates.jp
recraft.ai
reddxxx.com
redgifs.com
redis.com
redis.io
redislabs.com
redshieldvpn.com
redtube.com
refactoring.guru
refinitiv.com
rei.com
reka.ai
releases.hashicorp.com
remove.bg
repo.bacch.com
research.net
resp.app
retouch4.me
reve.art
reverb.com
rezka-ua.in
rezka.ag
rezka.biz
rezkify.com
ringostat.com
riotpixels.com
riperam.org
riseup.net
roborock.com
rockblack.su
romantelychko.com
roskomsvoboda.org
rublacklist.net
ruckuswireless.com
rumble.com
rustorka.com
rusvideos.net
rutor.info
rutor.is
rutor.org
rutracker.cc
rutracker.net
rutracker.org
rutracker.wiki
s
samsclub.com
sankakucomplex.com
sap.com
satsat.info
saveeditonline.com
saverudata.net
sbom.sh
scam-detector.com
schenker-tech.de
scribd.com
sdxcentral.com
searchfloor.org
securitytrails.com
seedoff.zannn.top
seekvectorlogo.net
segger.com
semrush.com
sentry.io
senukai.lt
sephora.com
serato.com
serialcart.com
serif.com
serpstat.com
servarr.com
serverkast.com
setapp.com
severreal.org
sfdcopens.com
shein.com
shikimori.me
shiksha.com
shiksha.ws
shiza-project.com
shop.paragon-software.com
showtime.co.jp
siemens.com
signal.org
simplex.im
simplix.info
singlekey-id.com
site.com
sites.fastspring.com
sketchup.com
skiff.com
skladchina.biz
sky.com
skycdp.com
skylum.com
skyshowtime.com
slashlib.me
slideshare.net
slifki.biz
smartdeploy.com
smashwords.com
snapeda.com
snapmagic.com
sndcdn.com
snort.org
snyk.io
soapui.org
softpedia.com
solarwinds.com
sophos.com
sora.com
soundcloud.com
sovetromantica.com
speedtest.net
spirit-of-metal.com
spitfireaudio.com
splunk.com
splunkcloud.com
spotify.com
spreadthesign.com
sqlshack.com
squadbustersgame.com
squareup.com
st.com
stacksocial.com
stagescycling.com
stake.com
stalker2.com
startpage.com
static.playoverwatch.com
static.retouch4.me
statology.org
steamidfinder.com
steganos.com
stereophile.com
stockx.com
strava.com
stream.voidboost.cc
streamable.com
stripe.com
studychat.app
stuff.co.nz
stulchik.net
summer.fi
summerana.com
supercell.com
supersliv.biz
surfshark.com
surveymonkey.com
swagger.io
swissinfo.ch
syncfusion.com
synoforum.com
sysdig.com
systemtek.co.uk
t.co
t3.chat
tableau.com
tableausoftware.com
tableauusercontent.com
taboola.com
tailscale.com
talosintelligence.com
taplink.cc
target.com
te.com
teads.tv
teamviewer.com
techbargains.com
techthoughts.info
telemetr.io
templatemonster.com
tempmail.plus
temu.com
tenable.com
terraform.io
teslasoft.org
tf1.fr
tf1info.fr
theaudiodb.com
theins.ru
themoviedb.org
thenorthface.com
thepiratebay.org
theporndude.com
thesassway.com
thetvapp.to
thetvdb.com
thinkpads.com
thomas-krenn.com
threads.net
threema.ch
thule.com
ti.com
tidal.com
tile.com
time.com
tiptop-vpn.com
tmdb.org
tommy.com
tonymacx86.com
toolbox.app
tools.keycdn.com
tools.tracemyip.org
tor.eff.org
torproject.org
torrent.by
torrentgalaxy.to
trae.ai
tragtorr.info
trahkino.me
trailblazer.me
trailhead.com
trakt.tv
trellix.com
tria.ge
triongames.com
trionworlds.com
tripit.com
trueblackmetalradio.com
trusteeglobal.com
tsmc.com
ttwstatic.com
tumblr.com
turbobit.net
tuta.com
tuta.io
tutanota.com
tvn24.pl
twimg.com
twirpx.com
twitter.co
twitter.com
twitthat.com
twtkr.com
twttr.com
typing.com
ua
uaudio.com
ubi.com
ubisoft.com
ubnt.com
ubunlog.com
udemy.com
ufile.io
ui.com
ukr-produkt.com
ukr.net
ukr.radio
ukrtelcdn.net
ultimaker.com
undress.cc
unfiltered.adguard-dns.com
uniqlo.com
unix.com
unscreen.com
upwork.com
usatoday.com
user.auth.xboxlive.com
usher.ttvnw.net
vagrantcloud.com
valhalla-age.org
valhalla-essence.org
vcdn.biz
vectorworks.net
veeam.com
vehiclelifetimesolutions.schaeffler.com
veritas.com
viber.co.jp
viber.com
viber.me
vice.com
vimeo.com
vimeocdn.com
vipdrive.net
vipergirls.to
visualcapitalist.com
vlady.pro
vmware.com
vndb.org
voiso.com
volkswagen-classic-parts.com
voynaplemyon.com
vpn.works
vpngate.net
vpngen.org
vpnguild.org
vpnlove.me
vpnpay.io
vpnunlimited.com
vps.today
vrv.co
vscode-auth.github.com
vyos.io
w.atwiki.jp
walmart.com
watchguard.com
wbagora.com
wbgames.com
wbinsights.com
we.tl
weather.com
web.tecalliance.net
webdock.io
webex.com
webnames.ca
webscraper.io
webservice.fanart.tv
webservice.tecalliance.services
webtoons.com
weebly.com
wellfound.com
wetransfer.com
wfmp.net
wialon.com
wifimap.io
wikidot.com
williams-sonoma.com
windguru.cz
windows10spotlight.com
windscribe.com
windsurf.com
wise.com
wix.com
wixmp.com
wk.cz
wonderclub.com
wpengine.com
wunderground.com
x-minus.pro
x.ai
x.com
xboxdesignlab.xbox.com
xerox.co.uk
xerox.com
xfantazy.com
xhamster.com
xhamsterlive.com
xhcdn.com
xmg.gg
xrite.com
xsts.auth.xboxlive.com
xv-ru.com
xvideos-cdn.com
xvideos.com
yahoo.com
yande.re
yandexwebcache.org
yeggi.com
yithemes.com
yle.fi
yourdictionary.com
youtrack.cloud
yts.mx
yummyani.me
yummyanime.tv
z-lib.io
zapier.com
zbigz.com
zedge.net
zelenka.guru
zello.com
zellowork.com
zendesk.com
zerkalo.xyz
zerolab.net
zerossl.com
zet-flix.online
znanija.com
zoho.com
zombie-film.live
zona.media
zoosk.com
